###############################################################################
#
# IAR ELF Linker V3.11.1.207 for STM8                     24/Feb/2020  10:41:09
# Copyright 2010-2019 IAR Systems AB.
#
#    Output file  =  D:\XH\BLE\JBE_2020\N01_lock\N01_v1.1\Debug\Exe\N01.out
#    Map file     =  D:\XH\BLE\JBE_2020\N01_lock\N01_v1.1\Debug\List\N01.map
#    Command line =  
#        -f C:\Users\Ylf\AppData\Local\Temp\EW79BA.tmp
#        (D:\XH\BLE\JBE_2020\N01_lock\N01_v1.1\Debug\Obj\adc.o
#        D:\XH\BLE\JBE_2020\N01_lock\N01_v1.1\Debug\Obj\cardoper.o
#        D:\XH\BLE\JBE_2020\N01_lock\N01_v1.1\Debug\Obj\delay.o
#        D:\XH\BLE\JBE_2020\N01_lock\N01_v1.1\Debug\Obj\DynamicPassword.o
#        D:\XH\BLE\JBE_2020\N01_lock\N01_v1.1\Debug\Obj\eeprom.o
#        D:\XH\BLE\JBE_2020\N01_lock\N01_v1.1\Debug\Obj\iso14443a.o
#        D:\XH\BLE\JBE_2020\N01_lock\N01_v1.1\Debug\Obj\iso14443b.o
#        D:\XH\BLE\JBE_2020\N01_lock\N01_v1.1\Debug\Obj\iwdg.o
#        D:\XH\BLE\JBE_2020\N01_lock\N01_v1.1\Debug\Obj\Key.o
#        D:\XH\BLE\JBE_2020\N01_lock\N01_v1.1\Debug\Obj\lock.o
#        D:\XH\BLE\JBE_2020\N01_lock\N01_v1.1\Debug\Obj\main.o
#        D:\XH\BLE\JBE_2020\N01_lock\N01_v1.1\Debug\Obj\mifare1.o
#        D:\XH\BLE\JBE_2020\N01_lock\N01_v1.1\Debug\Obj\RFID.o
#        D:\XH\BLE\JBE_2020\N01_lock\N01_v1.1\Debug\Obj\rtc.o
#        D:\XH\BLE\JBE_2020\N01_lock\N01_v1.1\Debug\Obj\save.o
#        D:\XH\BLE\JBE_2020\N01_lock\N01_v1.1\Debug\Obj\sky1311_drv.o
#        D:\XH\BLE\JBE_2020\N01_lock\N01_v1.1\Debug\Obj\sky1311t.o
#        D:\XH\BLE\JBE_2020\N01_lock\N01_v1.1\Debug\Obj\spi.o
#        D:\XH\BLE\JBE_2020\N01_lock\N01_v1.1\Debug\Obj\stm8l15x_adc.o
#        D:\XH\BLE\JBE_2020\N01_lock\N01_v1.1\Debug\Obj\stm8l15x_aes.o
#        D:\XH\BLE\JBE_2020\N01_lock\N01_v1.1\Debug\Obj\stm8l15x_beep.o
#        D:\XH\BLE\JBE_2020\N01_lock\N01_v1.1\Debug\Obj\stm8l15x_clk.o
#        D:\XH\BLE\JBE_2020\N01_lock\N01_v1.1\Debug\Obj\stm8l15x_comp.o
#        D:\XH\BLE\JBE_2020\N01_lock\N01_v1.1\Debug\Obj\stm8l15x_dac.o
#        D:\XH\BLE\JBE_2020\N01_lock\N01_v1.1\Debug\Obj\stm8l15x_dma.o
#        D:\XH\BLE\JBE_2020\N01_lock\N01_v1.1\Debug\Obj\stm8l15x_exti.o
#        D:\XH\BLE\JBE_2020\N01_lock\N01_v1.1\Debug\Obj\stm8l15x_flash.o
#        D:\XH\BLE\JBE_2020\N01_lock\N01_v1.1\Debug\Obj\stm8l15x_gpio.o
#        D:\XH\BLE\JBE_2020\N01_lock\N01_v1.1\Debug\Obj\stm8l15x_i2c.o
#        D:\XH\BLE\JBE_2020\N01_lock\N01_v1.1\Debug\Obj\stm8l15x_irtim.o
#        D:\XH\BLE\JBE_2020\N01_lock\N01_v1.1\Debug\Obj\stm8l15x_it.o
#        D:\XH\BLE\JBE_2020\N01_lock\N01_v1.1\Debug\Obj\stm8l15x_itc.o
#        D:\XH\BLE\JBE_2020\N01_lock\N01_v1.1\Debug\Obj\stm8l15x_iwdg.o
#        D:\XH\BLE\JBE_2020\N01_lock\N01_v1.1\Debug\Obj\stm8l15x_lcd.o
#        D:\XH\BLE\JBE_2020\N01_lock\N01_v1.1\Debug\Obj\stm8l15x_pwr.o
#        D:\XH\BLE\JBE_2020\N01_lock\N01_v1.1\Debug\Obj\stm8l15x_rst.o
#        D:\XH\BLE\JBE_2020\N01_lock\N01_v1.1\Debug\Obj\stm8l15x_rtc.o
#        D:\XH\BLE\JBE_2020\N01_lock\N01_v1.1\Debug\Obj\stm8l15x_spi.o
#        D:\XH\BLE\JBE_2020\N01_lock\N01_v1.1\Debug\Obj\stm8l15x_syscfg.o
#        D:\XH\BLE\JBE_2020\N01_lock\N01_v1.1\Debug\Obj\stm8l15x_tim1.o
#        D:\XH\BLE\JBE_2020\N01_lock\N01_v1.1\Debug\Obj\stm8l15x_tim2.o
#        D:\XH\BLE\JBE_2020\N01_lock\N01_v1.1\Debug\Obj\stm8l15x_tim3.o
#        D:\XH\BLE\JBE_2020\N01_lock\N01_v1.1\Debug\Obj\stm8l15x_tim4.o
#        D:\XH\BLE\JBE_2020\N01_lock\N01_v1.1\Debug\Obj\stm8l15x_tim5.o
#        D:\XH\BLE\JBE_2020\N01_lock\N01_v1.1\Debug\Obj\stm8l15x_usart.o
#        D:\XH\BLE\JBE_2020\N01_lock\N01_v1.1\Debug\Obj\stm8l15x_wfe.o
#        D:\XH\BLE\JBE_2020\N01_lock\N01_v1.1\Debug\Obj\stm8l15x_wwdg.o
#        D:\XH\BLE\JBE_2020\N01_lock\N01_v1.1\Debug\Obj\SYS_CLOCK.o
#        D:\XH\BLE\JBE_2020\N01_lock\N01_v1.1\Debug\Obj\TIM.o
#        D:\XH\BLE\JBE_2020\N01_lock\N01_v1.1\Debug\Obj\uart.o --redirect
#        _Printf=_PrintfSmall --redirect _Scanf=_ScanfSmall --no_out_extension
#        -o D:\XH\BLE\JBE_2020\N01_lock\N01_v1.1\Debug\Exe\N01.out --map
#        D:\XH\BLE\JBE_2020\N01_lock\N01_v1.1\Debug\List\N01.map --config
#        "C:\Program Files (x86)\IAR Systems\Embedded Workbench
#        8.3\stm8\config\lnkstm8l052r8.icf" --config_def _CSTACK_SIZE=0x100
#        --config_def _HEAP_SIZE=0x100 --entry __iar_program_start --debug_lib)
#
###############################################################################

*******************************************************************************
*** RUNTIME MODEL ATTRIBUTES
***

__SystemLibrary            = DLib
__code_model               = small
__core                     = stm8
__data_model               = medium
__dlib_file_descriptor     = 0
__dlib_full_locale_support = 0
__rt_version               = 4


*******************************************************************************
*** PLACEMENT SUMMARY
***

"A0":  place at start of [0x000000-0x0000ff] { rw section .vregs };
"A1":  place at end of [0x000000-0x000fff] { block CSTACK };
"P2":  place in [from 0x000000 to 0x000fff] {
          block HEAP, rw section __DLIB_PERTHREAD, rw section .far.bss,
          rw section .far.data, rw section .far.noinit,
          rw section .far_func.textrw, rw section .huge.bss,
          rw section .huge.data, rw section .huge.noinit,
          rw section .huge_func.textrw, rw section .iar.dynexit,
          rw section .near.bss, rw section .near.data, rw section .near.noinit,
          rw section .near_func.textrw };
"A2":  place at start of [0x008000-0x00ffff] { block INTVEC };
"P3":  place in [from 0x008000 to 0x00ffff] {
          ro section __DLIB_PERTHREAD_init, ro section .far.data_init,
          ro section .far_func.textrw_init, ro section .huge.data_init,
          ro section .huge_func.textrw_init, ro section .iar.init_table,
          ro section .init_array, ro section .near.data_init,
          ro section .near.rodata, ro section .near_func.text,
          ro section .near_func.textrw_init, ro section .tiny.data_init,
          ro section .tiny.rodata_init };
do not initialize {
   rw section .eeprom.noinit, rw section .far.noinit, rw section .huge.noinit,
   rw section .near.noinit, rw section .tiny.noinit, rw section .vregs };

No sections matched the following patterns:

  ro section .far.data_init          in "P3"
  ro section .far.rodata             in "P4"
  ro section .far_func.text          in "P4"
  ro section .far_func.textrw_init   in "P3"
  ro section .huge.data_init         in "P3"
  ro section .huge.rodata            in "P5"
  ro section .huge_func.text         in "P5"
  ro section .huge_func.textrw_init  in "P3"
  ro section .iar.init_table         in "P3"
  ro section .init_array             in "P3"
  ro section .near.data_init         in "P3"
  ro section .near_func.textrw_init  in "P3"
  ro section .tiny.data_init         in "P3"
  ro section .tiny.rodata_init       in "P3"
  ro section __DLIB_PERTHREAD_init   in "P3"
  rw section .far.bss                in "P2"
  rw section .far.data               in "P2"
  rw section .far.noinit             in "P2"
  rw section .far_func.textrw        in "P2"
  rw section .huge.bss               in "P2"
  rw section .huge.data              in "P2"
  rw section .huge.noinit            in "P2"
  rw section .huge_func.textrw       in "P2"
  rw section .iar.dynexit            in "P2"
  rw section .near.data              in "P2"
  rw section .near.noinit            in "P2"
  rw section .near_func.textrw       in "P2"
  rw section .tiny.bss               in "P1"
  rw section .tiny.data              in "P1"
  rw section .tiny.noinit            in "P1"
  rw section .tiny.rodata            in "P1"
  rw section __DLIB_PERTHREAD        in "P2"
  section .eeprom.data               in "P6-P8"
  section .eeprom.noinit             in "P6-P8"
  section .eeprom.rodata             in "P6-P8"


  Section          Kind      Address    Size  Object
  -------          ----      -------    ----  ------
"A0":                                   0x10
  .vregs           uninit   0x000000    0x10  vregs.o [4]
                          - 0x000010    0x10

"P2":                                   0x5b
  .near.bss        zero     0x000010    0x1a  uart.o [1]
  .near.bss        zero     0x00002a    0x1a  uart.o [1]
  .near.bss        zero     0x000044    0x1a  uart.o [1]
  .near.bss        zero     0x00005e     0x7  rtc.o [1]
  .near.bss        zero     0x000065     0x2  main.o [1]
  .near.bss        zero     0x000067     0x1  Key.o [1]
  .near.bss        zero     0x000068     0x1  main.o [1]
  .near.bss        zero     0x000069     0x1  main.o [1]
  .near.bss        zero     0x00006a     0x1  main.o [1]
                          - 0x00006b    0x5b

"A1":                                  0x100
  CSTACK                    0x000f00   0x100  <Block>
    CSTACK         uninit   0x000f00   0x100  <Block tail>
                          - 0x001000   0x100

"A2":                                   0x80
  INTVEC                    0x008000    0x80  <Block>
    .intvec        const    0x008000    0x80  interrupt.o [4]
                          - 0x008080    0x80

"P3":                                 0x18d3
  .near_func.text  ro code  0x008080   0x398  stm8l15x_rtc.o [1]
  .near_func.text  ro code  0x008418   0x165  Key.o [1]
  .near_func.text  ro code  0x00857d   0x10d  stm8l15x_exti.o [1]
  .near_func.text  ro code  0x00868a    0xf3  vreg_util.o [4]
  .near_func.text  ro code  0x00877d    0xca  stm8l15x_usart.o [1]
  .near_func.text  ro code  0x008847    0xa7  uart.o [1]
  .near_func.text  ro code  0x0088ee    0xa6  long.o [4]
  .near_func.text  ro code  0x008994    0xa2  main.o [1]
  .near_func.text  ro code  0x008a36    0x98  stm8l15x_clk.o [1]
  .near_func.text  ro code  0x008ace    0x94  stm8l15x_usart.o [1]
  .near_func.text  ro code  0x008b62    0x8e  save.o [1]
  .near_func.text  ro code  0x008bf0    0x8e  stm8l15x_gpio.o [1]
  .near_func.text  ro code  0x008c7e    0x8d  stm8l15x_it.o [1]
  .near_func.text  ro code  0x008d0b    0x8d  stm8l15x_it.o [1]
  .near_func.text  ro code  0x008d98    0x8d  stm8l15x_it.o [1]
  .near_func.text  ro code  0x008e25    0x89  save.o [1]
  .near_func.text  ro code  0x008eae    0x89  stm8l15x_clk.o [1]
  .near_func.text  ro code  0x008f37    0x7b  save.o [1]
  .near_func.text  ro code  0x008fb2    0x77  rtc.o [1]
  .near_func.text  ro code  0x009029    0x72  stm8l15x_clk.o [1]
  .near_func.text  ro code  0x00909b    0x68  rtc.o [1]
  .near_func.text  ro code  0x009103    0x5f  save.o [1]
  .near_func.text  ro code  0x009162    0x5b  stm8l15x_flash.o [1]
  .near_func.text  ro code  0x0091bd    0x58  uart.o [1]
  .near_func.text  ro code  0x009215    0x55  stm8l15x_adc.o [1]
  .near_func.text  ro code  0x00926a    0x55  stm8l15x_adc.o [1]
  .near_func.text  ro code  0x0092bf    0x52  Key.o [1]
  .near_func.text  ro code  0x009311    0x49  main.o [1]
  .near_func.text  ro code  0x00935a    0x46  uart.o [1]
  .near_func.text  ro code  0x0093a0    0x3f  adc.o [1]
  .near_func.text  ro code  0x0093df    0x3a  rtc.o [1]
  .near_func.text  ro code  0x009419    0x37  save.o [1]
  .near_func.text  ro code  0x009450    0x31  stm8l15x_adc.o [1]
  .near_func.text  ro code  0x009481    0x31  stm8l15x_exti.o [1]
  .near_func.text  ro code  0x0094b2    0x27  stm8l15x_usart.o [1]
  .near_func.text  ro code  0x0094d9    0x27  stm8l15x_usart.o [1]
  .near_func.text  ro code  0x009500    0x25  TIM.o [1]
  .near_func.text  ro code  0x009525    0x24  main.o [1]
  .near_func.text  ro code  0x009549    0x24  stm8l15x_adc.o [1]
  .near_func.text  ro code  0x00956d    0x22  stm8l15x_usart.o [1]
  .near_func.text  ro code  0x00958f    0x22  uart.o [1]
  .near_func.text  ro code  0x0095b1    0x21  main.o [1]
  .near_func.text  ro code  0x0095d2    0x21  stm8l15x_exti.o [1]
  .near_func.text  ro code  0x0095f3    0x21  stm8l15x_it.o [1]
  .near_func.text  ro code  0x009614    0x21  stm8l15x_tim4.o [1]
  .iar.init_table  const    0x009635     0x8  - Linker created -
  .near_func.text  ro code  0x00963d    0x1f  stm8l15x_usart.o [1]
  .near_func.text  ro code  0x00965c    0x1f  memcpy.o [4]
  .near_func.text  ro code  0x00967b    0x1e  init_small.o [4]
  .near_func.text  ro code  0x009699    0x1c  main.o [1]
  .near_func.text  ro code  0x0096b5    0x1c  long_util.o [4]
  .near_func.text  ro code  0x0096d1    0x1b  stm8l15x_it.o [1]
  .near_func.text  ro code  0x0096ec    0x1a  stm8l15x_tim4.o [1]
  .near_func.text  ro code  0x009706    0x19  stm8l15x_flash.o [1]
  .near_func.text  ro code  0x00971f    0x19  stm8l15x_it.o [1]
  .near_func.text  ro code  0x009738    0x18  stm8l15x_flash.o [1]
  .near_func.text  ro code  0x009750    0x16  memset.o [4]
  .near_func.text  ro code  0x009766    0x15  iwdg.o [1]
  .near_func.text  ro code  0x00977b    0x15  uart.o [1]
  .near_func.text  ro code  0x009790    0x14  save.o [1]
  .near_func.text  ro code  0x0097a4    0x14  init.o [4]
  .near_func.text  ro code  0x0097b8    0x14  __dbg_xxexit.o [3]
  .near_func.text  ro code  0x0097cc    0x13  stm8l15x_clk.o [1]
  .near_func.text  ro code  0x0097df    0x13  cstartup.o [4]
  .near_func.text  ro code  0x0097f2    0x11  stm8l15x_tim4.o [1]
  .near_func.text  ro code  0x009803     0xf  uart.o [1]
  .near_func.text  ro code  0x009812     0xe  SYS_CLOCK.o [1]
  .near_func.text  ro code  0x009820     0xd  stm8l15x_adc.o [1]
  .near_func.text  ro code  0x00982d     0xd  stm8l15x_adc.o [1]
  .near_func.text  ro code  0x00983a     0xd  stm8l15x_clk.o [1]
  .near_func.text  ro code  0x009847     0xd  stm8l15x_pwr.o [1]
  .near_func.text  ro code  0x009854     0xd  stm8l15x_pwr.o [1]
  .near_func.text  ro code  0x009861     0xd  stm8l15x_tim4.o [1]
  .near_func.text  ro code  0x00986e     0xd  move.o [4]
  .near_func.text  ro code  0x00987b     0xd  short.o [4]
  .near_func.text  ro code  0x009888     0xb  stm8l15x_flash.o [1]
  .near_func.text  ro code  0x009893     0xb  dc_util.o [4]
  .near_func.text  ro code  0x00989e     0xa  stm8l15x_clk.o [1]
  .near_func.text  ro code  0x0098a8     0xa  char.o [4]
  .near_func.text  ro code  0x0098b2     0x9  stm8l15x_rtc.o [1]
  .near_func.text  ro code  0x0098bb     0x8  rtc.o [1]
  .near_func.text  ro code  0x0098c3     0x7  stm8l15x_gpio.o [1]
  .near_func.text  ro code  0x0098ca     0x7  stm8l15x_gpio.o [1]
  .near_func.text  ro code  0x0098d1     0x7  stm8l15x_gpio.o [1]
  .near.rodata     const    0x0098d8     0x5  save.o [1]
  .near.rodata     const    0x0098dd     0x5  save.o [1]
  .near.rodata     const    0x0098e2     0x5  stm8l15x_clk.o [1]
  .near_func.text  ro code  0x0098e7     0x5  save.o [1]
  .near_func.text  ro code  0x0098ec     0x5  save.o [1]
  .near_func.text  ro code  0x0098f1     0x5  stm8l15x_iwdg.o [1]
  .near_func.text  ro code  0x0098f6     0x5  stm8l15x_iwdg.o [1]
  .near_func.text  ro code  0x0098fb     0x5  stm8l15x_tim4.o [1]
  .near_func.text  ro code  0x009900     0x5  stm8l15x_tim4.o [1]
  .near_func.text  ro code  0x009905     0x5  cexit.o [4]
  .near.rodata     const    0x00990a     0x4  uart.o [1]
  .near_func.text  ro code  0x00990e     0x4  stm8l15x_clk.o [1]
  .near_func.text  ro code  0x009912     0x4  stm8l15x_clk.o [1]
  .near_func.text  ro code  0x009916     0x4  stm8l15x_gpio.o [1]
  .near_func.text  ro code  0x00991a     0x4  stm8l15x_iwdg.o [1]
  .near_func.text  ro code  0x00991e     0x4  stm8l15x_iwdg.o [1]
  .near_func.text  ro code  0x009922     0x4  stm8l15x_iwdg.o [1]
  .near_func.text  ro code  0x009926     0x3  stm8l15x_usart.o [1]
  .near_func.text  ro code  0x009929     0x3  stm8l15x_usart.o [1]
  .near_func.text  ro code  0x00992c     0x3  interrupt.o [4]
  .near_func.text  ro code  0x00992f     0x3  low_level_init.o [4]
  .near_func.text  ro code  0x009932     0x3  exit.o [4]
  .near_func.text  ro code  0x009935     0x3  unhandled_exception.o [4]
  .near_func.text  ro code  0x009938     0x2  stm8l15x_gpio.o [1]
  .near_func.text  ro code  0x00993a     0x1  stm8l15x_it.o [1]
  .near_func.text  ro code  0x00993b     0x1  stm8l15x_it.o [1]
  .near_func.text  ro code  0x00993c     0x1  stm8l15x_it.o [1]
  .near_func.text  ro code  0x00993d     0x1  stm8l15x_it.o [1]
  .near_func.text  ro code  0x00993e     0x1  stm8l15x_it.o [1]
  .near_func.text  ro code  0x00993f     0x1  stm8l15x_it.o [1]
  .near_func.text  ro code  0x009940     0x1  stm8l15x_it.o [1]
  .near_func.text  ro code  0x009941     0x1  stm8l15x_it.o [1]
  .near_func.text  ro code  0x009942     0x1  stm8l15x_it.o [1]
  .near_func.text  ro code  0x009943     0x1  stm8l15x_it.o [1]
  .near_func.text  ro code  0x009944     0x1  stm8l15x_it.o [1]
  .near_func.text  ro code  0x009945     0x1  stm8l15x_it.o [1]
  .near_func.text  ro code  0x009946     0x1  stm8l15x_it.o [1]
  .near_func.text  ro code  0x009947     0x1  stm8l15x_it.o [1]
  .near_func.text  ro code  0x009948     0x1  stm8l15x_it.o [1]
  .near_func.text  ro code  0x009949     0x1  stm8l15x_it.o [1]
  .near_func.text  ro code  0x00994a     0x1  stm8l15x_it.o [1]
  .near_func.text  ro code  0x00994b     0x1  stm8l15x_it.o [1]
  .near_func.text  ro code  0x00994c     0x1  stm8l15x_it.o [1]
  .near_func.text  ro code  0x00994d     0x1  stm8l15x_it.o [1]
  .near_func.text  ro code  0x00994e     0x1  stm8l15x_it.o [1]
  .near_func.text  ro code  0x00994f     0x1  stm8l15x_it.o [1]
  .near_func.text  ro code  0x009950     0x1  stm8l15x_it.o [1]
  .near_func.text  ro code  0x009951     0x1  stm8l15x_it.o [1]
  .near_func.text  ro code  0x009952     0x1  __dbg_break.o [3]
                          - 0x009953  0x18d3


*******************************************************************************
*** INIT TABLE
***

          Address   Size
          -------   ----
Zero (__iar_zero_init2)
    1 destination range, total size 0x5b:
          0x000010  0x5b



*******************************************************************************
*** MODULE SUMMARY
***

    Module                 ro code  ro data  rw data
    ------                 -------  -------  -------
D:\XH\BLE\JBE_2020\N01_lock\N01_v1.1\Debug\Obj: [1]
    Key.o                      439                 1
    SYS_CLOCK.o                 14
    TIM.o                       37
    adc.o                       63
    iwdg.o                      21
    main.o                     332                 5
    rtc.o                      289                 7
    save.o                     582       10
    stm8l15x_adc.o             281
    stm8l15x_clk.o             453        5
    stm8l15x_exti.o            351
    stm8l15x_flash.o           151
    stm8l15x_gpio.o            169
    stm8l15x_it.o              532
    stm8l15x_iwdg.o             22
    stm8l15x_pwr.o              26
    stm8l15x_rtc.o             929
    stm8l15x_tim4.o             99
    stm8l15x_usart.o           499
    uart.o                     395        4       78
    ------------------------------------------------
    Total:                   5 684       19       91

command line: [2]
    ------------------------------------------------
    Total:

dbgstm8smd.a: [3]
    __dbg_break.o                1
    __dbg_xxexit.o              20
    ------------------------------------------------
    Total:                      21

dlstm8smn.a: [4]
    cexit.o                      5
    char.o                      10
    cstartup.o                  19
    dc_util.o                   11
    exit.o                       3
    init.o                      20
    init_small.o                30
    interrupt.o                  3      128
    long.o                     166
    long_util.o                 28
    low_level_init.o             3
    memcpy.o                    31
    memset.o                    22
    move.o                      13
    short.o                     13
    unhandled_exception.o        3
    vreg_util.o                243
    vregs.o                                       16
    ------------------------------------------------
    Total:                     623      128       16

    Linker created                        8      256
----------------------------------------------------
    Grand Total:             6 328      155      363


*******************************************************************************
*** ENTRY LIST
***

Entry                    Address   Size  Type      Object
-----                    -------   ----  ----      ------
.iar.init_table$$Base   0x009635          --   Gb  - Linker created -
.iar.init_table$$Limit  0x00963d          --   Gb  - Linker created -
?add32_l0_l0_0x         0x00890f         Code  Gb  long.o [4]
?add32_l0_l0_dl         0x008907         Code  Gb  long.o [4]
?add32_l0_l0_l1         0x00890c         Code  Gb  long.o [4]
?b0                     0x000000         Data  Gb  vregs.o [4]
?b1                     0x000001         Data  Gb  vregs.o [4]
?b10                    0x00000a         Data  Gb  vregs.o [4]
?b11                    0x00000b         Data  Gb  vregs.o [4]
?b12                    0x00000c         Data  Gb  vregs.o [4]
?b13                    0x00000d         Data  Gb  vregs.o [4]
?b14                    0x00000e         Data  Gb  vregs.o [4]
?b15                    0x00000f         Data  Gb  vregs.o [4]
?b2                     0x000002         Data  Gb  vregs.o [4]
?b3                     0x000003         Data  Gb  vregs.o [4]
?b4                     0x000004         Data  Gb  vregs.o [4]
?b5                     0x000005         Data  Gb  vregs.o [4]
?b6                     0x000006         Data  Gb  vregs.o [4]
?b7                     0x000007         Data  Gb  vregs.o [4]
?b8                     0x000008         Data  Gb  vregs.o [4]
?b9                     0x000009         Data  Gb  vregs.o [4]
?dc32_px                0x009893         Code  Gb  dc_util.o [4]
?dec32_0x_0x            0x0088f3         Code  Gb  long.o [4]
?dec32_l1_l1            0x0088ee         Code  Gb  long.o [4]
?e0                     0x000001         Data  Gb  vregs.o [4]
?e1                     0x000005         Data  Gb  vregs.o [4]
?e2                     0x000009         Data  Gb  vregs.o [4]
?e3                     0x00000d         Data  Gb  vregs.o [4]
?epilogue_l2            0x008725         Code  Gb  vreg_util.o [4]
?epilogue_l2_l3         0x008722         Code  Gb  vreg_util.o [4]
?epilogue_l2_w6         0x008729         Code  Gb  vreg_util.o [4]
?epilogue_w4            0x008730         Code  Gb  vreg_util.o [4]
?l0                     0x000000         Data  Gb  vregs.o [4]
?l1                     0x000004         Data  Gb  vregs.o [4]
?l2                     0x000008         Data  Gb  vregs.o [4]
?l3                     0x00000c         Data  Gb  vregs.o [4]
?load32_l1_0x           0x0096c5         Code  Gb  long_util.o [4]
?load32_l1_asp          0x0096ba         Code  Gb  long_util.o [4]
?load32_l1_dbsp         0x0096b5         Code  Gb  long_util.o [4]
?load32_l1_xsp          0x0096bc         Code  Gb  long_util.o [4]
?mov_e0_e2              0x008745         Code  Gb  vreg_util.o [4]
?mov_e1_e2              0x008759         Code  Gb  vreg_util.o [4]
?mov_e2_e0              0x008766         Code  Gb  vreg_util.o [4]
?mov_e3_e0              0x008773         Code  Gb  vreg_util.o [4]
?mov_l0_l2              0x008742         Code  Gb  vreg_util.o [4]
?mov_l1_l2              0x008756         Code  Gb  vreg_util.o [4]
?mov_l2_l0              0x008763         Code  Gb  vreg_util.o [4]
?mov_l3_l0              0x008770         Code  Gb  vreg_util.o [4]
?mov_w1_w5              0x008748         Code  Gb  vreg_util.o [4]
?mov_w1_w6              0x008734         Code  Gb  vreg_util.o [4]
?mov_w1_w7              0x00874f         Code  Gb  vreg_util.o [4]
?mov_w2_w1              0x00873b         Code  Gb  vreg_util.o [4]
?mov_w3_w5              0x00875c         Code  Gb  vreg_util.o [4]
?mov_w5_w1              0x008769         Code  Gb  vreg_util.o [4]
?mov_w7_w1              0x008776         Code  Gb  vreg_util.o [4]
?move1616_v_x_y_a       0x00986e         Code  Gb  move.o [4]
?pop_l0                 0x0086ee         Code  Gb  vreg_util.o [4]
?pop_l1                 0x0086f9         Code  Gb  vreg_util.o [4]
?pop_l2                 0x008704         Code  Gb  vreg_util.o [4]
?pop_l3                 0x00870f         Code  Gb  vreg_util.o [4]
?pop_w4                 0x0086a7         Code  Gb  vreg_util.o [4]
?pop_w6                 0x0086ae         Code  Gb  vreg_util.o [4]
?push_l0                0x0086bd         Code  Gb  vreg_util.o [4]
?push_l1                0x0086c2         Code  Gb  vreg_util.o [4]
?push_l2                0x0086c7         Code  Gb  vreg_util.o [4]
?push_l3                0x0086cc         Code  Gb  vreg_util.o [4]
?push_w4                0x00868a         Code  Gb  vreg_util.o [4]
?push_w6                0x00868f         Code  Gb  vreg_util.o [4]
?sll16_x_x_a            0x00987b         Code  Gb  short.o [4]
?sll8_a_a_5             0x0098a8         Code  Gb  char.o [4]
?srl16_x_x_4            0x009883         Code  Gb  short.o [4]
?srl8_a_a_5             0x0098ad         Code  Gb  char.o [4]
?udiv32_l0_l0_l1        0x008927         Code  Gb  long.o [4]
?umod32_l1_l0_l1        0x008927         Code  Gb  long.o [4]
?w0                     0x000000         Data  Gb  vregs.o [4]
?w1                     0x000002         Data  Gb  vregs.o [4]
?w2                     0x000004         Data  Gb  vregs.o [4]
?w3                     0x000006         Data  Gb  vregs.o [4]
?w4                     0x000008         Data  Gb  vregs.o [4]
?w5                     0x00000a         Data  Gb  vregs.o [4]
?w6                     0x00000c         Data  Gb  vregs.o [4]
?w7                     0x00000e         Data  Gb  vregs.o [4]
ADC1_COMP_IRQHandler    0x00994a    0x1  Code  Gb  stm8l15x_it.o [1]
ADC_ChannelCmd          0x00926a   0x55  Code  Gb  stm8l15x_adc.o [1]
ADC_Cmd                 0x009820    0xd  Code  Gb  stm8l15x_adc.o [1]
ADC_DeInit              0x009215   0x55  Code  Gb  stm8l15x_adc.o [1]
ADC_Init                0x009549   0x24  Code  Gb  stm8l15x_adc.o [1]
ADC_SamplingTimeConfig  0x009450   0x31  Code  Gb  stm8l15x_adc.o [1]
ADC_VrefintCmd          0x00982d    0xd  Code  Gb  stm8l15x_adc.o [1]
ADC_init                0x0093a0   0x3f  Code  Gb  adc.o [1]
Bcd2ToByte              0x008243   0x17  Code  Lc  stm8l15x_rtc.o [1]
ByteToBcd2              0x008198   0x1c  Code  Lc  stm8l15x_rtc.o [1]
CLK_GetClockFreq        0x009029   0x72  Code  Gb  stm8l15x_clk.o [1]
CLK_GetFlagStatus       0x008a36   0x98  Code  Gb  stm8l15x_clk.o [1]
CLK_HSICmd              0x00983a    0xd  Code  Gb  stm8l15x_clk.o [1]
CLK_LSEConfig           0x0097cc   0x13  Code  Gb  stm8l15x_clk.o [1]
CLK_PeripheralClockConfig
                        0x008eae   0x89  Code  Gb  stm8l15x_clk.o [1]
CLK_RTCClockConfig      0x00989e    0xa  Code  Gb  stm8l15x_clk.o [1]
CLK_SYSCLKDivConfig     0x009912    0x4  Code  Gb  stm8l15x_clk.o [1]
CLK_SYSCLKSourceConfig  0x00990e    0x4  Code  Gb  stm8l15x_clk.o [1]
CSTACK$$Base            0x000f00          --   Gb  - Linker created -
CSTACK$$Limit           0x001000          --   Gb  - Linker created -
ChangeDesignatedAddress
                        0x009103   0x5f  Code  Gb  save.o [1]
DMA1_CHANNEL0_1_IRQHandler
                        0x00993c    0x1  Code  Gb  stm8l15x_it.o [1]
DMA1_CHANNEL2_3_IRQHandler
                        0x00993d    0x1  Code  Gb  stm8l15x_it.o [1]
Delayms                 0x009525   0x24  Code  Gb  main.o [1]
EXTI0_IRQHandler        0x009941    0x1  Code  Gb  stm8l15x_it.o [1]
EXTI1_IRQHandler        0x00971f   0x19  Code  Gb  stm8l15x_it.o [1]
EXTI2_IRQHandler        0x009942    0x1  Code  Gb  stm8l15x_it.o [1]
EXTI3_IRQHandler        0x009943    0x1  Code  Gb  stm8l15x_it.o [1]
EXTI4_IRQHandler        0x009944    0x1  Code  Gb  stm8l15x_it.o [1]
EXTI5_IRQHandler        0x009945    0x1  Code  Gb  stm8l15x_it.o [1]
EXTI6_IRQHandler        0x009946    0x1  Code  Gb  stm8l15x_it.o [1]
EXTI7_IRQHandler        0x009947    0x1  Code  Gb  stm8l15x_it.o [1]
EXTIB_G_IRQHandler      0x00993f    0x1  Code  Gb  stm8l15x_it.o [1]
EXTID_H_IRQHandler      0x009940    0x1  Code  Gb  stm8l15x_it.o [1]
EXTIE_F_PVD_IRQHandler  0x00993e    0x1  Code  Gb  stm8l15x_it.o [1]
EXTI_ClearITPendingBit  0x0095d2   0x21  Code  Gb  stm8l15x_exti.o [1]
EXTI_SelectPort         0x009481   0x31  Code  Gb  stm8l15x_exti.o [1]
EXTI_SetPinSensitivity  0x00857d  0x10d  Code  Gb  stm8l15x_exti.o [1]
EnterStop_Init          0x009311   0x49  Code  Gb  main.o [1]
FLASH_GetFlagStatus     0x009738   0x18  Code  Gb  stm8l15x_flash.o [1]
FLASH_IRQHandler        0x00993b    0x1  Code  Gb  stm8l15x_it.o [1]
FLASH_Lock              0x009888    0xb  Code  Gb  stm8l15x_flash.o [1]
FLASH_ProgramByte_User  0x0098e7    0x5  Code  Gb  save.o [1]
FLASH_ReadByte_User     0x0098ec    0x5  Code  Gb  save.o [1]
FLASH_Unlock            0x009706   0x19  Code  Gb  stm8l15x_flash.o [1]
FLASH_WaitForLastOperation
                        0x009162   0x5b  Code  Gb  stm8l15x_flash.o [1]
Flash_Erase_bytes       0x008f37   0x7b  Code  Gb  save.o [1]
Flash_Read_bytes        0x008b62   0x8e  Code  Gb  save.o [1]
Flash_Write_bytes       0x008e25   0x89  Code  Gb  save.o [1]
GPIO_Init               0x008bf0   0x8e  Code  Gb  stm8l15x_gpio.o [1]
GPIO_ReadInputDataBit   0x0098d1    0x7  Code  Gb  stm8l15x_gpio.o [1]
GPIO_ResetBits          0x009916    0x4  Code  Gb  stm8l15x_gpio.o [1]
GPIO_SetBits            0x0098c3    0x7  Code  Gb  stm8l15x_gpio.o [1]
GPIO_ToggleBits         0x0098ca    0x7  Code  Gb  stm8l15x_gpio.o [1]
GPIO_Write              0x009938    0x2  Code  Gb  stm8l15x_gpio.o [1]
I2C1_SPI2_IRQHandler    0x009951    0x1  Code  Gb  stm8l15x_it.o [1]
INTVEC$$Base            0x008000          --   Gb  - Linker created -
INTVEC$$Limit           0x008080          --   Gb  - Linker created -
IWDG_Enable             0x0098f6    0x5  Code  Gb  stm8l15x_iwdg.o [1]
IWDG_ReloadCounter      0x0098f1    0x5  Code  Gb  stm8l15x_iwdg.o [1]
IWDG_SetPrescaler       0x00991e    0x4  Code  Gb  stm8l15x_iwdg.o [1]
IWDG_SetReload          0x009922    0x4  Code  Gb  stm8l15x_iwdg.o [1]
IWDG_WriteAccessCmd     0x00991a    0x4  Code  Gb  stm8l15x_iwdg.o [1]
Key_Resetbutton         0x0092bf   0x52  Code  Gb  Key.o [1]
Key_io_init             0x008418  0x165  Code  Gb  Key.o [1]
LCD_AES_IRQHandler      0x009948    0x1  Code  Gb  stm8l15x_it.o [1]
PWR_FastWakeUpCmd       0x009847    0xd  Code  Gb  stm8l15x_pwr.o [1]
PWR_UltraLowPowerCmd    0x009854    0xd  Code  Gb  stm8l15x_pwr.o [1]
RTCWakeUp_Config        0x0098bb    0x8  Code  Gb  rtc.o [1]
RTC_CSSLSE_IRQHandler   0x0095f3   0x21  Code  Gb  stm8l15x_it.o [1]
RTC_ClearITPendingBit   0x0098b2    0x9  Code  Gb  stm8l15x_rtc.o [1]
RTC_DateStructInit      0x008100   0x17  Code  Gb  stm8l15x_rtc.o [1]
RTC_EnterInitMode       0x00814e   0x22  Code  Gb  stm8l15x_rtc.o [1]
RTC_ExitInitMode        0x008091    0x5  Code  Gb  stm8l15x_rtc.o [1]
RTC_GetDate             0x00834e   0x59  Code  Gb  stm8l15x_rtc.o [1]
RTC_GetTime             0x00825a   0x52  Code  Gb  stm8l15x_rtc.o [1]
RTC_Get_Time            0x0093df   0x3a  Code  Gb  rtc.o [1]
RTC_ITConfig            0x008117   0x37  Code  Gb  stm8l15x_rtc.o [1]
RTC_Init                0x008096   0x57  Code  Gb  stm8l15x_rtc.o [1]
RTC_SetDate             0x0082ac   0xa2  Code  Gb  stm8l15x_rtc.o [1]
RTC_SetTime             0x0081b4   0x8f  Code  Gb  stm8l15x_rtc.o [1]
RTC_SetWakeUpCounter    0x0083c6   0x15  Code  Gb  stm8l15x_rtc.o [1]
RTC_Setting_Init        0x008fb2   0x77  Code  Gb  rtc.o [1]
RTC_TimeStructInit      0x0080ed   0x13  Code  Gb  stm8l15x_rtc.o [1]
RTC_WaitForSynchro      0x008170   0x28  Code  Gb  stm8l15x_rtc.o [1]
RTC_WakeUpClockConfig   0x0083a7   0x1f  Code  Gb  stm8l15x_rtc.o [1]
RTC_WakeUpCmd           0x0083db   0x3d  Code  Gb  stm8l15x_rtc.o [1]
RTC_WriteProtectionCmd  0x008080   0x11  Code  Gb  stm8l15x_rtc.o [1]
Region$$Table$$Base     0x009635          --   Gb  - Linker created -
Region$$Table$$Limit    0x00963d          --   Gb  - Linker created -
SPI1_IRQHandler         0x00994f    0x1  Code  Gb  stm8l15x_it.o [1]
SWITCH_CSS_BREAK_DAC_IRQHandler
                        0x009949    0x1  Code  Gb  stm8l15x_it.o [1]
SYSDivFactor            0x0098e2    0x5  Data  Gb  stm8l15x_clk.o [1]
Set_RTC_Time            0x00909b   0x68  Code  Gb  rtc.o [1]
SleepDelayCount         0x000069    0x1  Data  Gb  main.o [1]
SystemClock_Init        0x009812    0xe  Code  Gb  SYS_CLOCK.o [1]
TIM1_CC_IRQHandler      0x00994e    0x1  Code  Gb  stm8l15x_it.o [1]
TIM1_UPD_OVF_TRG_COM_IRQHandler
                        0x00994d    0x1  Code  Gb  stm8l15x_it.o [1]
TIM2_CC_USART2_RX_IRQHandler
                        0x008c7e   0x8d  Code  Gb  stm8l15x_it.o [1]
TIM2_UPD_OVF_TRG_BRK_USART2_TX_IRQHandler
                        0x00994b    0x1  Code  Gb  stm8l15x_it.o [1]
TIM3_CC_USART3_RX_IRQHandler
                        0x008d0b   0x8d  Code  Gb  stm8l15x_it.o [1]
TIM3_UPD_OVF_TRG_BRK_USART3_TX_IRQHandler
                        0x00994c    0x1  Code  Gb  stm8l15x_it.o [1]
TIM4_ClearFlag          0x0098fb    0x5  Code  Gb  stm8l15x_tim4.o [1]
TIM4_ClearITPendingBit  0x009900    0x5  Code  Gb  stm8l15x_tim4.o [1]
TIM4_Cmd                0x009861    0xd  Code  Gb  stm8l15x_tim4.o [1]
TIM4_DeInit             0x009614   0x21  Code  Gb  stm8l15x_tim4.o [1]
TIM4_ITConfig           0x0096ec   0x1a  Code  Gb  stm8l15x_tim4.o [1]
TIM4_TimeBaseInit       0x0097f2   0x11  Code  Gb  stm8l15x_tim4.o [1]
TIM4_UPD_OVF_TRG_IRQHandler
                        0x0096d1   0x1b  Code  Gb  stm8l15x_it.o [1]
TIM4_init               0x009500   0x25  Code  Gb  TIM.o [1]
TRAP_IRQHandler         0x00993a    0x1  Code  Gb  stm8l15x_it.o [1]
Time1ms_count           0x000065    0x2  Data  Gb  main.o [1]
TimingDelay_Decrement   0x0095b1   0x21  Code  Gb  main.o [1]
UART1                   0x000010   0x1a  Data  Gb  uart.o [1]
UART1_CheckReceivedata  0x009803    0xf  Code  Gb  uart.o [1]
UART1_Init              0x0091bd   0x58  Code  Gb  uart.o [1]
UART1_ReceiveData       0x008847   0xa7  Code  Gb  uart.o [1]
UART1_Send_ACK          0x00935a   0x46  Code  Gb  uart.o [1]
UART1_Send_Byte         0x00977b   0x15  Code  Gb  uart.o [1]
UART1_Send_Bytes        0x00958f   0x22  Code  Gb  uart.o [1]
UART2                   0x00002a   0x1a  Data  Gb  uart.o [1]
UART3                   0x000044   0x1a  Data  Gb  uart.o [1]
USART1_RX_TIM5_CC_IRQHandler
                        0x008d98   0x8d  Code  Gb  stm8l15x_it.o [1]
USART1_TX_TIM5_UPD_OVF_TRG_BRK_IRQHandler
                        0x009950    0x1  Code  Gb  stm8l15x_it.o [1]
USART_ClearITPendingBit
                        0x00963d   0x1f  Code  Gb  stm8l15x_usart.o [1]
USART_Cmd               0x0094d9   0x27  Code  Gb  stm8l15x_usart.o [1]
USART_DeInit            0x0094b2   0x27  Code  Gb  stm8l15x_usart.o [1]
USART_GetFlagStatus     0x00956d   0x22  Code  Gb  stm8l15x_usart.o [1]
USART_ITConfig          0x008ace   0x94  Code  Gb  stm8l15x_usart.o [1]
USART_Init              0x00877d   0xca  Code  Gb  stm8l15x_usart.o [1]
USART_ReceiveData8      0x009926    0x3  Code  Gb  stm8l15x_usart.o [1]
USART_SendData8         0x009929    0x3  Code  Gb  stm8l15x_usart.o [1]
WakeUp_Init             0x009699   0x1c  Code  Gb  main.o [1]
__DebugBreak            0x009952    0x1  Code  Gb  __dbg_break.o [3]
__exit                  0x0097b8   0x14  Code  Gb  __dbg_xxexit.o [3]
__iar_data_init2        0x0097a4   0x14  Code  Gb  init.o [4]
__iar_program_start     0x0097df         Code  Gb  cstartup.o [4]
__iar_unhandled_exception
                        0x009935         Code  Gb  unhandled_exception.o [4]
__iar_zero_init2        0x00967b         Code  Gb  init_small.o [4]
__intvec                0x008000         Data  Gb  interrupt.o [4]
__low_level_init        0x00992f    0x3  Code  Gb  low_level_init.o [4]
_exit                   0x009905         Code  Gb  cexit.o [4]
_interrupt_1            0x00993a         Code  Gb  stm8l15x_it.o [1]
_interrupt_10           0x009941         Code  Gb  stm8l15x_it.o [1]
_interrupt_11           0x00971f         Code  Gb  stm8l15x_it.o [1]
_interrupt_12           0x009942         Code  Gb  stm8l15x_it.o [1]
_interrupt_13           0x009943         Code  Gb  stm8l15x_it.o [1]
_interrupt_14           0x009944         Code  Gb  stm8l15x_it.o [1]
_interrupt_15           0x009945         Code  Gb  stm8l15x_it.o [1]
_interrupt_16           0x009946         Code  Gb  stm8l15x_it.o [1]
_interrupt_17           0x009947         Code  Gb  stm8l15x_it.o [1]
_interrupt_18           0x009948         Code  Gb  stm8l15x_it.o [1]
_interrupt_19           0x009949         Code  Gb  stm8l15x_it.o [1]
_interrupt_20           0x00994a         Code  Gb  stm8l15x_it.o [1]
_interrupt_21           0x00994b         Code  Gb  stm8l15x_it.o [1]
_interrupt_22           0x008c7e         Code  Gb  stm8l15x_it.o [1]
_interrupt_23           0x00994c         Code  Gb  stm8l15x_it.o [1]
_interrupt_24           0x008d0b         Code  Gb  stm8l15x_it.o [1]
_interrupt_25           0x00994d         Code  Gb  stm8l15x_it.o [1]
_interrupt_26           0x00994e         Code  Gb  stm8l15x_it.o [1]
_interrupt_27           0x0096d1         Code  Gb  stm8l15x_it.o [1]
_interrupt_28           0x00994f         Code  Gb  stm8l15x_it.o [1]
_interrupt_29           0x009950         Code  Gb  stm8l15x_it.o [1]
_interrupt_3            0x00993b         Code  Gb  stm8l15x_it.o [1]
_interrupt_30           0x008d98         Code  Gb  stm8l15x_it.o [1]
_interrupt_31           0x009951         Code  Gb  stm8l15x_it.o [1]
_interrupt_4            0x00993c         Code  Gb  stm8l15x_it.o [1]
_interrupt_5            0x00993d         Code  Gb  stm8l15x_it.o [1]
_interrupt_6            0x0095f3         Code  Gb  stm8l15x_it.o [1]
_interrupt_7            0x00993e         Code  Gb  stm8l15x_it.o [1]
_interrupt_8            0x00993f         Code  Gb  stm8l15x_it.o [1]
_interrupt_9            0x009940         Code  Gb  stm8l15x_it.o [1]
clearSaveAllUser        0x009790   0x14  Code  Gb  save.o [1]
clock                   0x00005e    0x7  Data  Gb  rtc.o [1]
exit                    0x009932    0x3  Code  Gb  exit.o [4]
getDesignatedAddress    0x009419   0x37  Code  Gb  save.o [1]
guPressContiueFlag      0x000067    0x1  Data  Gb  Key.o [1]
gu_rtcwkflag            0x00006a    0x1  Data  Gb  main.o [1]
main                    0x008994   0xa2  Code  Gb  main.o [1]
memcpy                  0x00965c   0x1f  Code  Gb  memcpy.o [4]
memset                  0x009750   0x16  Code  Gb  memset.o [4]
sysStatus               0x000068    0x1  Data  Gb  main.o [1]
watchdog_init           0x009766   0x15  Code  Gb  iwdg.o [1]


[1] = D:\XH\BLE\JBE_2020\N01_lock\N01_v1.1\Debug\Obj
[2] = command line
[3] = dbgstm8smd.a
[4] = dlstm8smn.a

  6 328 bytes of readonly  code memory
    155 bytes of readonly  data memory
    363 bytes of readwrite data memory

Errors: none
Warnings: none
